2026-06-17 01:35:35,889 | INFO | Modelo cargado correctamente: modelo_churn_v1
2026-06-17 01:35:38,014 | INFO | Modelo cargado correctamente: modelo_churn_v1
2026-06-17 01:35:46,395 | INFO | Solicitud | metodo=GET | ruta=/ | estado=200 | latencia_ms=2.593
2026-06-17 01:35:51,539 | INFO | Solicitud | metodo=GET | ruta=/ | estado=200 | latencia_ms=0.824
2026-06-17 01:37:42,089 | INFO | Modelo cargado correctamente: modelo_churn_v1
2026-06-17 01:37:44,239 | INFO | Modelo cargado correctamente: modelo_churn_v1
2026-06-17 01:38:57,065 | INFO | Solicitud | metodo=GET | ruta=/ | estado=200 | latencia_ms=2.336
2026-06-17 01:39:01,126 | INFO | Solicitud | metodo=GET | ruta=/docs | estado=200 | latencia_ms=0.226
2026-06-17 01:39:01,275 | INFO | Solicitud | metodo=GET | ruta=/openapi.json | estado=200 | latencia_ms=7.522
2026-06-17 01:39:19,339 | INFO | Solicitud | metodo=GET | ruta=/metrics | estado=200 | latencia_ms=1.487
2026-06-17 01:39:33,639 | INFO | Solicitud | metodo=GET | ruta=/health | estado=200 | latencia_ms=1.181
2026-06-17 01:40:14,119 | INFO | Solicitud | metodo=GET | ruta=/docs | estado=200 | latencia_ms=0.281
2026-06-17 01:40:14,366 | INFO | Solicitud | metodo=GET | ruta=/openapi.json | estado=200 | latencia_ms=0.258
2026-06-17 01:45:11,604 | INFO | Predicción | resultado=alto_riesgo | probabilidad=0.8700 | alertas=0
2026-06-17 01:45:11,604 | INFO | Solicitud | metodo=POST | ruta=/predict | estado=200 | latencia_ms=2.728
2026-06-17 01:46:42,924 | WARNING | Valores fuera de rango histórico: ['antiguedad=180 fuera del rango histórico [1, 72]', 'cargo_mensual=600.0 fuera del rango histórico [20.0, 150.0]', 'reclamos=35 fuera del rango histórico [0, 7]']
2026-06-17 01:46:42,924 | INFO | Predicción | resultado=alto_riesgo | probabilidad=1.0000 | alertas=3
2026-06-17 01:46:42,925 | INFO | Solicitud | metodo=POST | ruta=/predict | estado=200 | latencia_ms=2.573
2026-06-17 01:47:12,039 | INFO | Solicitud | metodo=GET | ruta=/docs | estado=200 | latencia_ms=0.263
2026-06-17 01:47:12,294 | INFO | Solicitud | metodo=GET | ruta=/openapi.json | estado=200 | latencia_ms=0.235
2026-06-17 01:47:13,956 | INFO | Solicitud | metodo=GET | ruta=/ | estado=200 | latencia_ms=0.915
2026-06-17 01:47:15,940 | INFO | Solicitud | metodo=GET | ruta=/metrics | estado=200 | latencia_ms=0.955
2026-06-17 01:47:46,759 | WARNING | Error de validación | ruta=/predict | detalle=[{'type': 'missing', 'loc': ('body', 'reclamos'), 'msg': 'Field required', 'input': {'antiguedad': 36, 'cargo_mensual': 60.5}}]
2026-06-17 01:47:46,759 | INFO | Solicitud | metodo=POST | ruta=/predict | estado=422 | latencia_ms=0.965
2026-06-17 01:48:16,116 | WARNING | Error de validación | ruta=/predict | detalle=[{'type': 'greater_than_equal', 'loc': ('body', 'cargo_mensual'), 'msg': 'Input should be greater than or equal to 0', 'input': -50, 'ctx': {'ge': 0.0}}]
2026-06-17 01:48:16,117 | INFO | Solicitud | metodo=POST | ruta=/predict | estado=422 | latencia_ms=1.130
2026-06-17 01:48:30,717 | INFO | Solicitud | metodo=GET | ruta=/metrics | estado=200 | latencia_ms=0.705
2026-06-17 01:48:31,781 | INFO | Solicitud | metodo=GET | ruta=/metrics | estado=200 | latencia_ms=0.838
2026-06-17 01:48:32,578 | INFO | Solicitud | metodo=GET | ruta=/metrics | estado=200 | latencia_ms=0.747
2026-06-17 01:49:01,102 | INFO | Solicitud | metodo=GET | ruta=/metrics | estado=200 | latencia_ms=0.876
2026-06-17 01:50:57,834 | INFO | 1 change detected
2026-06-17 01:50:58,196 | INFO | 1 change detected
2026-06-17 01:50:58,607 | INFO | 1 change detected
2026-06-17 01:50:59,013 | INFO | 1 change detected
2026-06-17 01:50:59,416 | INFO | 1 change detected
2026-06-17 01:50:59,820 | INFO | 1 change detected
2026-06-17 01:51:00,176 | INFO | 1 change detected
2026-06-17 01:51:00,586 | INFO | 1 change detected
2026-06-17 01:51:00,941 | INFO | 1 change detected
2026-06-17 01:51:01,297 | INFO | 1 change detected
2026-06-17 01:51:01,656 | INFO | 1 change detected
2026-06-17 01:51:02,015 | INFO | 1 change detected
2026-06-17 01:51:02,373 | INFO | 1 change detected
2026-06-17 01:51:02,730 | INFO | 1 change detected
2026-06-17 01:51:03,139 | INFO | 1 change detected
2026-06-17 01:51:03,544 | INFO | 1 change detected
2026-06-17 01:51:03,948 | INFO | 1 change detected
2026-06-17 01:51:04,353 | INFO | 1 change detected
2026-06-17 01:51:04,763 | INFO | 1 change detected
2026-06-17 01:51:05,165 | INFO | 1 change detected
2026-06-17 01:51:05,520 | INFO | 1 change detected
2026-06-17 01:51:05,931 | INFO | 1 change detected
2026-06-17 01:51:06,335 | INFO | 1 change detected
2026-06-17 01:51:06,737 | INFO | 1 change detected
2026-06-17 01:51:07,140 | INFO | 1 change detected
2026-06-17 01:51:07,549 | INFO | 1 change detected
2026-06-17 01:51:07,954 | INFO | 1 change detected
2026-06-17 01:51:08,360 | INFO | 1 change detected
2026-06-17 01:51:08,763 | INFO | 1 change detected
2026-06-17 01:51:09,122 | INFO | 1 change detected
2026-06-17 01:51:09,527 | INFO | 1 change detected
2026-06-17 01:51:09,933 | INFO | 1 change detected
2026-06-17 01:51:10,339 | INFO | 1 change detected
2026-06-17 01:51:10,743 | INFO | 1 change detected
2026-06-17 01:51:11,149 | INFO | 1 change detected
2026-06-17 01:51:11,555 | INFO | 1 change detected
2026-06-17 01:51:11,957 | INFO | 1 change detected
2026-06-17 01:51:12,361 | INFO | 1 change detected
2026-06-17 01:51:12,767 | INFO | 1 change detected
2026-06-17 01:51:13,172 | INFO | 1 change detected
2026-06-17 01:51:13,574 | INFO | 1 change detected
2026-06-17 01:51:13,977 | INFO | 1 change detected
2026-06-17 01:51:14,381 | INFO | 1 change detected
2026-06-17 01:51:14,742 | INFO | 1 change detected
2026-06-17 01:51:15,103 | INFO | 1 change detected
2026-06-17 01:51:15,463 | INFO | 1 change detected
2026-06-17 01:51:15,821 | INFO | 1 change detected
2026-06-17 01:51:16,228 | INFO | 1 change detected
2026-06-17 01:51:16,630 | INFO | 1 change detected
2026-06-17 01:51:17,037 | INFO | 1 change detected
2026-06-17 01:51:17,438 | INFO | 1 change detected
2026-06-17 01:51:17,843 | INFO | 1 change detected
2026-06-17 01:51:18,249 | INFO | 1 change detected
2026-06-17 01:51:18,650 | INFO | 1 change detected
2026-06-17 01:51:19,056 | INFO | 1 change detected
2026-06-17 01:51:19,458 | INFO | 1 change detected
2026-06-17 01:51:19,862 | INFO | 1 change detected
2026-06-17 01:51:20,270 | INFO | 1 change detected
2026-06-17 01:51:20,635 | INFO | 1 change detected
2026-06-17 01:51:21,045 | INFO | 1 change detected
2026-06-17 01:51:21,450 | INFO | 1 change detected
2026-06-17 01:51:21,856 | INFO | 1 change detected
2026-06-17 01:51:22,258 | INFO | 1 change detected
2026-06-17 01:51:22,663 | INFO | 1 change detected
2026-06-17 01:51:23,065 | INFO | 1 change detected
2026-06-17 01:51:23,470 | INFO | 1 change detected
2026-06-17 01:51:23,876 | INFO | 1 change detected
2026-06-17 01:51:24,283 | INFO | 1 change detected
2026-06-17 01:51:24,688 | INFO | 1 change detected
2026-06-17 01:51:25,093 | INFO | 1 change detected
2026-06-17 01:51:25,498 | INFO | 1 change detected
2026-06-17 01:51:25,902 | INFO | 1 change detected
2026-06-17 01:51:26,305 | INFO | 1 change detected
2026-06-17 01:51:26,721 | INFO | 1 change detected
2026-06-17 01:51:27,127 | INFO | 1 change detected
2026-06-17 01:51:27,535 | INFO | 1 change detected
2026-06-17 01:51:27,940 | INFO | 1 change detected
2026-06-17 01:51:28,345 | INFO | 1 change detected
2026-06-17 01:51:28,749 | INFO | 1 change detected
2026-06-17 01:51:29,154 | INFO | 1 change detected
2026-06-17 01:51:29,555 | INFO | 1 change detected
2026-06-17 01:51:29,961 | INFO | 1 change detected
2026-06-17 01:51:30,365 | INFO | 1 change detected
2026-06-17 01:51:30,768 | INFO | 1 change detected
2026-06-17 01:51:31,173 | INFO | 1 change detected
2026-06-17 01:51:31,578 | INFO | 1 change detected
2026-06-17 01:51:31,982 | INFO | 1 change detected
2026-06-17 01:51:32,397 | INFO | 1 change detected
2026-06-17 01:51:32,763 | INFO | 1 change detected
2026-06-17 01:51:33,173 | INFO | 1 change detected
2026-06-17 01:51:33,575 | INFO | 1 change detected
2026-06-17 01:51:33,980 | INFO | 1 change detected
2026-06-17 01:51:34,386 | INFO | 1 change detected
2026-06-17 01:51:34,792 | INFO | 1 change detected
2026-06-17 01:51:35,197 | INFO | 1 change detected
2026-06-17 01:51:35,602 | INFO | 1 change detected
2026-06-17 01:51:36,007 | INFO | 1 change detected
2026-06-17 01:51:36,413 | INFO | 1 change detected
2026-06-17 01:51:36,817 | INFO | 1 change detected
2026-06-17 01:51:37,219 | INFO | 1 change detected
2026-06-17 01:51:37,625 | INFO | 1 change detected
2026-06-17 01:51:38,028 | INFO | 1 change detected
2026-06-17 01:51:38,432 | INFO | 1 change detected
2026-06-17 01:51:38,839 | INFO | 1 change detected
2026-06-17 01:51:39,244 | INFO | 1 change detected
2026-06-17 01:51:39,647 | INFO | 1 change detected
2026-06-17 01:51:40,052 | INFO | 1 change detected
2026-06-17 01:51:40,461 | INFO | 1 change detected
2026-06-17 01:51:40,867 | INFO | 1 change detected
2026-06-17 01:51:41,273 | INFO | 1 change detected
2026-06-17 01:51:41,679 | INFO | 1 change detected
2026-06-17 01:51:42,086 | INFO | 1 change detected
2026-06-17 01:51:42,491 | INFO | 1 change detected
2026-06-17 01:51:42,845 | INFO | 1 change detected
2026-06-17 01:51:43,255 | INFO | 1 change detected
2026-06-17 01:51:43,661 | INFO | 1 change detected
2026-06-17 01:51:44,067 | INFO | 1 change detected
2026-06-17 01:51:44,471 | INFO | 1 change detected
2026-06-17 01:51:44,875 | INFO | 1 change detected
2026-06-17 01:51:45,280 | INFO | 1 change detected
2026-06-17 01:51:45,685 | INFO | 1 change detected
2026-06-17 01:51:46,087 | INFO | 1 change detected
2026-06-17 01:51:46,444 | INFO | 1 change detected
2026-06-17 01:51:46,852 | INFO | 1 change detected
2026-06-17 01:51:47,258 | INFO | 1 change detected
2026-06-17 01:51:47,659 | INFO | 1 change detected
2026-06-17 01:51:48,063 | INFO | 1 change detected
2026-06-17 01:51:48,470 | INFO | 1 change detected
2026-06-17 01:51:48,877 | INFO | 1 change detected
2026-06-17 01:51:49,283 | INFO | 1 change detected
2026-06-17 01:51:49,699 | INFO | 1 change detected
2026-06-17 01:51:50,102 | INFO | 1 change detected
2026-06-17 01:51:50,512 | INFO | 1 change detected
2026-06-17 01:51:50,916 | INFO | 1 change detected
2026-06-17 01:51:51,319 | INFO | 1 change detected
2026-06-17 01:51:51,724 | INFO | 1 change detected
2026-06-17 01:51:52,128 | INFO | 1 change detected
2026-06-17 01:51:52,533 | INFO | 1 change detected
2026-06-17 01:51:52,939 | INFO | 1 change detected
2026-06-17 01:51:53,346 | INFO | 1 change detected
2026-06-17 01:51:53,752 | INFO | 1 change detected
2026-06-17 01:51:54,159 | INFO | 1 change detected
2026-06-17 01:51:54,516 | INFO | 1 change detected
2026-06-17 01:51:54,925 | INFO | 1 change detected
2026-06-17 01:51:55,333 | INFO | 1 change detected
2026-06-17 01:51:55,738 | INFO | 1 change detected
2026-06-17 01:51:56,142 | INFO | 1 change detected
2026-06-17 01:51:56,545 | INFO | 1 change detected
2026-06-17 01:51:56,949 | INFO | 1 change detected
2026-06-17 01:51:57,353 | INFO | 1 change detected
2026-06-17 01:51:57,759 | INFO | 1 change detected
2026-06-17 01:51:58,164 | INFO | 1 change detected
2026-06-17 01:51:58,569 | INFO | 1 change detected
2026-06-17 01:51:58,975 | INFO | 1 change detected
2026-06-17 01:51:59,328 | INFO | 1 change detected
2026-06-17 01:51:59,688 | INFO | 1 change detected
2026-06-17 01:52:00,045 | INFO | 1 change detected
2026-06-17 01:52:00,405 | INFO | 1 change detected
2026-06-17 01:52:00,761 | INFO | 1 change detected
2026-06-17 01:52:01,119 | INFO | 1 change detected
2026-06-17 01:52:01,480 | INFO | 1 change detected
2026-06-17 01:52:01,843 | INFO | 1 change detected
2026-06-17 01:52:02,202 | INFO | 1 change detected
2026-06-17 01:52:02,557 | INFO | 1 change detected
2026-06-17 01:52:02,916 | INFO | 1 change detected
2026-06-17 01:52:03,272 | INFO | 1 change detected
2026-06-17 01:52:03,630 | INFO | 1 change detected
2026-06-17 01:52:03,989 | INFO | 1 change detected
2026-06-17 01:52:04,346 | INFO | 1 change detected
2026-06-17 01:52:04,700 | INFO | 1 change detected
2026-06-17 01:52:05,059 | INFO | 1 change detected
2026-06-17 01:52:05,415 | INFO | 1 change detected
2026-06-17 01:52:05,772 | INFO | 1 change detected
2026-06-17 01:52:06,130 | INFO | 1 change detected
2026-06-17 01:52:06,488 | INFO | 1 change detected
2026-06-17 01:52:06,845 | INFO | 1 change detected
2026-06-17 01:52:07,200 | INFO | 1 change detected
2026-06-17 01:52:07,559 | INFO | 1 change detected
2026-06-17 01:52:07,916 | INFO | 1 change detected
2026-06-17 01:52:08,274 | INFO | 1 change detected
2026-06-17 01:52:08,632 | INFO | 1 change detected
2026-06-17 01:52:08,994 | INFO | 1 change detected
2026-06-17 01:52:09,352 | INFO | 1 change detected
2026-06-17 01:52:09,708 | INFO | 1 change detected
2026-06-17 01:52:10,066 | INFO | 1 change detected
2026-06-17 01:52:10,425 | INFO | 1 change detected
2026-06-17 01:52:10,782 | INFO | 1 change detected
2026-06-17 01:52:11,140 | INFO | 1 change detected
2026-06-17 01:52:11,498 | INFO | 1 change detected
2026-06-17 01:52:11,854 | INFO | 1 change detected
2026-06-17 01:52:12,211 | INFO | 1 change detected
2026-06-17 01:52:12,570 | INFO | 1 change detected
2026-06-17 01:52:12,926 | INFO | 1 change detected
2026-06-17 01:52:13,287 | INFO | 1 change detected
2026-06-17 01:52:13,643 | INFO | 1 change detected
2026-06-17 01:52:14,004 | INFO | 1 change detected
2026-06-17 01:52:14,360 | INFO | 1 change detected
2026-06-17 01:52:14,718 | INFO | 1 change detected
2026-06-17 01:52:15,077 | INFO | 1 change detected
2026-06-17 01:52:15,434 | INFO | 1 change detected
2026-06-17 01:52:15,791 | INFO | 1 change detected
2026-06-17 01:52:16,147 | INFO | 1 change detected
2026-06-17 01:52:16,502 | INFO | 1 change detected
2026-06-17 01:52:16,857 | INFO | 1 change detected
2026-06-17 01:52:17,218 | INFO | 1 change detected
2026-06-17 01:52:17,575 | INFO | 1 change detected
2026-06-17 01:52:17,928 | INFO | 1 change detected
2026-06-17 01:52:18,284 | INFO | 1 change detected
2026-06-17 01:52:18,643 | INFO | 1 change detected
2026-06-17 01:52:18,997 | INFO | 1 change detected
2026-06-17 01:52:19,354 | INFO | 1 change detected
2026-06-17 01:52:19,711 | INFO | 1 change detected
2026-06-17 01:52:20,069 | INFO | 1 change detected
2026-06-17 01:52:20,426 | INFO | 1 change detected
2026-06-17 01:52:20,780 | INFO | 1 change detected
2026-06-17 01:52:21,140 | INFO | 1 change detected
2026-06-17 01:52:21,497 | INFO | 1 change detected
2026-06-17 01:52:21,856 | INFO | 1 change detected
2026-06-17 01:52:22,217 | INFO | 1 change detected
2026-06-17 01:52:22,572 | INFO | 1 change detected
2026-06-17 01:52:22,933 | INFO | 1 change detected
2026-06-17 01:52:23,290 | INFO | 1 change detected
2026-06-17 01:52:23,650 | INFO | 1 change detected
2026-06-17 01:52:24,010 | INFO | 1 change detected
2026-06-17 01:52:24,370 | INFO | 1 change detected
2026-06-17 01:52:24,725 | INFO | 1 change detected
2026-06-17 01:52:25,082 | INFO | 1 change detected
2026-06-17 01:52:25,436 | INFO | 1 change detected
2026-06-17 01:52:25,794 | INFO | 1 change detected
2026-06-17 01:52:26,151 | INFO | 1 change detected
2026-06-17 01:52:26,510 | INFO | 1 change detected
2026-06-17 01:52:26,870 | INFO | 1 change detected
2026-06-17 01:52:27,230 | INFO | 1 change detected
2026-06-17 01:52:27,587 | INFO | 1 change detected
2026-06-17 01:52:27,944 | INFO | 1 change detected
2026-06-17 01:52:28,304 | INFO | 1 change detected
2026-06-17 01:52:28,661 | INFO | 1 change detected
2026-06-17 01:52:29,017 | INFO | 1 change detected
2026-06-17 01:52:29,378 | INFO | 1 change detected
2026-06-17 01:52:29,742 | INFO | 1 change detected
2026-06-17 01:52:30,102 | INFO | 1 change detected
2026-06-17 01:52:30,460 | INFO | 1 change detected
2026-06-17 01:52:30,818 | INFO | 1 change detected
2026-06-17 01:52:31,176 | INFO | 1 change detected
2026-06-17 01:52:31,534 | INFO | 1 change detected
2026-06-17 01:52:31,894 | INFO | 1 change detected
2026-06-17 01:52:32,252 | INFO | 1 change detected
2026-06-17 01:52:32,609 | INFO | 1 change detected
2026-06-17 01:52:32,965 | INFO | 1 change detected
2026-06-17 01:52:33,320 | INFO | 1 change detected
2026-06-17 01:52:33,680 | INFO | 1 change detected
2026-06-17 01:52:34,040 | INFO | 1 change detected
2026-06-17 01:52:34,399 | INFO | 1 change detected
2026-06-17 01:52:34,757 | INFO | 1 change detected
2026-06-17 01:52:35,113 | INFO | 1 change detected
2026-06-17 01:52:35,470 | INFO | 1 change detected
2026-06-17 01:52:35,832 | INFO | 1 change detected
2026-06-17 01:52:36,193 | INFO | 1 change detected
2026-06-17 01:52:36,550 | INFO | 1 change detected
2026-06-17 01:52:36,910 | INFO | 1 change detected
2026-06-17 01:52:37,267 | INFO | 1 change detected
2026-06-17 01:52:37,625 | INFO | 1 change detected
2026-06-17 01:52:37,983 | INFO | 1 change detected
2026-06-17 01:52:38,341 | INFO | 1 change detected
2026-06-17 01:52:38,697 | INFO | 1 change detected
2026-06-17 01:52:39,053 | INFO | 1 change detected
2026-06-17 01:52:39,409 | INFO | 1 change detected
2026-06-17 01:52:39,768 | INFO | 1 change detected
2026-06-17 01:52:40,122 | INFO | 1 change detected
2026-06-17 01:52:40,482 | INFO | 1 change detected
2026-06-17 01:52:40,837 | INFO | 1 change detected
2026-06-17 01:52:41,197 | INFO | 1 change detected
2026-06-17 01:52:41,555 | INFO | 1 change detected
2026-06-17 01:52:41,912 | INFO | 1 change detected
2026-06-17 01:52:42,274 | INFO | 1 change detected
2026-06-17 01:52:42,633 | INFO | 1 change detected
2026-06-17 01:52:42,994 | INFO | 1 change detected
2026-06-17 01:52:43,348 | INFO | 1 change detected
2026-06-17 01:52:43,707 | INFO | 1 change detected
2026-06-17 01:52:44,066 | INFO | 1 change detected
2026-06-17 01:52:44,423 | INFO | 1 change detected
2026-06-17 01:52:44,783 | INFO | 1 change detected
2026-06-17 01:52:45,143 | INFO | 1 change detected
2026-06-17 01:52:45,505 | INFO | 1 change detected
2026-06-17 01:52:45,863 | INFO | 1 change detected
2026-06-17 01:52:46,219 | INFO | 1 change detected
2026-06-17 01:52:46,576 | INFO | 1 change detected
2026-06-17 01:52:46,936 | INFO | 1 change detected
2026-06-17 01:52:47,293 | INFO | 1 change detected
2026-06-17 01:52:47,650 | INFO | 1 change detected
2026-06-17 01:52:48,006 | INFO | 1 change detected
2026-06-17 01:52:48,362 | INFO | 1 change detected
2026-06-17 01:52:48,718 | INFO | 1 change detected
2026-06-17 01:52:49,075 | INFO | 1 change detected
2026-06-17 01:52:49,436 | INFO | 1 change detected
2026-06-17 01:52:49,795 | INFO | 1 change detected
2026-06-17 01:52:50,152 | INFO | 1 change detected
2026-06-17 01:52:50,507 | INFO | 1 change detected
2026-06-17 01:52:50,863 | INFO | 1 change detected
2026-06-17 01:52:51,222 | INFO | 1 change detected
2026-06-17 01:52:51,582 | INFO | 1 change detected
2026-06-17 01:52:51,941 | INFO | 1 change detected
2026-06-17 01:52:52,298 | INFO | 1 change detected
2026-06-17 01:52:52,658 | INFO | 1 change detected
2026-06-17 01:52:53,015 | INFO | 1 change detected
2026-06-17 01:52:53,373 | INFO | 1 change detected
2026-06-17 01:52:53,732 | INFO | 1 change detected
2026-06-17 01:52:54,087 | INFO | 1 change detected
2026-06-17 01:52:54,446 | INFO | 1 change detected
2026-06-17 01:52:54,805 | INFO | 1 change detected
2026-06-17 01:52:55,164 | INFO | 1 change detected
2026-06-17 01:52:55,527 | INFO | 1 change detected
2026-06-17 01:52:55,883 | INFO | 1 change detected
2026-06-17 01:52:56,242 | INFO | 1 change detected
2026-06-17 01:52:56,597 | INFO | 1 change detected
2026-06-17 01:52:56,956 | INFO | 1 change detected
2026-06-17 01:52:57,314 | INFO | 1 change detected
2026-06-17 01:52:57,676 | INFO | 1 change detected
2026-06-17 01:52:58,034 | INFO | 1 change detected
2026-06-17 01:52:58,388 | INFO | 1 change detected
2026-06-17 01:52:58,743 | INFO | 1 change detected
2026-06-17 01:52:59,103 | INFO | 1 change detected
2026-06-17 01:52:59,462 | INFO | 1 change detected
2026-06-17 01:52:59,821 | INFO | 1 change detected
2026-06-17 01:53:00,177 | INFO | 1 change detected
2026-06-17 01:53:00,532 | INFO | 1 change detected
2026-06-17 01:53:00,890 | INFO | 1 change detected
2026-06-17 01:53:01,247 | INFO | 1 change detected
2026-06-17 01:53:01,604 | INFO | 1 change detected
2026-06-17 01:53:01,965 | INFO | 1 change detected
2026-06-17 01:53:02,323 | INFO | 1 change detected
2026-06-17 01:53:02,681 | INFO | 1 change detected
2026-06-17 01:53:03,039 | INFO | 1 change detected
2026-06-17 01:53:03,397 | INFO | 1 change detected
2026-06-17 01:53:03,757 | INFO | 1 change detected
2026-06-17 01:53:04,117 | INFO | 1 change detected
2026-06-17 01:53:04,476 | INFO | 1 change detected
2026-06-17 01:53:04,835 | INFO | 1 change detected
2026-06-17 01:53:05,191 | INFO | 1 change detected
2026-06-17 01:53:05,551 | INFO | 1 change detected
2026-06-17 01:53:05,912 | INFO | 1 change detected
2026-06-17 01:53:06,271 | INFO | 1 change detected
2026-06-17 01:53:06,629 | INFO | 1 change detected
2026-06-17 01:53:06,987 | INFO | 1 change detected
2026-06-17 01:53:07,343 | INFO | 1 change detected
2026-06-17 01:53:07,699 | INFO | 1 change detected
2026-06-17 01:53:08,059 | INFO | 1 change detected
2026-06-17 01:53:08,418 | INFO | 1 change detected
2026-06-17 01:53:08,777 | INFO | 1 change detected
2026-06-17 01:53:09,138 | INFO | 1 change detected
2026-06-17 01:53:09,498 | INFO | 1 change detected
2026-06-17 01:53:09,855 | INFO | 1 change detected
2026-06-17 01:53:10,213 | INFO | 1 change detected
2026-06-17 01:53:10,570 | INFO | 1 change detected
2026-06-17 01:53:10,928 | INFO | 1 change detected
2026-06-17 01:53:11,286 | INFO | 1 change detected
2026-06-17 01:53:11,644 | INFO | 1 change detected
2026-06-17 01:53:12,005 | INFO | 1 change detected
2026-06-17 01:53:12,365 | INFO | 1 change detected
2026-06-17 01:53:12,725 | INFO | 1 change detected
2026-06-17 01:53:13,083 | INFO | 1 change detected
2026-06-17 01:53:13,441 | INFO | 1 change detected
2026-06-17 01:53:13,801 | INFO | 1 change detected
2026-06-17 01:53:14,162 | INFO | 1 change detected
2026-06-17 01:53:14,522 | INFO | 1 change detected
2026-06-17 01:53:14,882 | INFO | 1 change detected
2026-06-17 01:53:15,240 | INFO | 1 change detected
2026-06-17 01:53:15,598 | INFO | 1 change detected
2026-06-17 01:53:15,954 | INFO | 1 change detected
2026-06-17 01:53:16,315 | INFO | 1 change detected
2026-06-17 01:53:16,670 | INFO | 1 change detected
2026-06-17 01:53:17,028 | INFO | 1 change detected
2026-06-17 01:53:17,387 | INFO | 1 change detected
2026-06-17 01:53:17,743 | INFO | 1 change detected
2026-06-17 01:53:18,100 | INFO | 1 change detected
2026-06-17 01:53:18,456 | INFO | 1 change detected
2026-06-17 01:53:18,817 | INFO | 1 change detected
2026-06-17 01:53:19,175 | INFO | 1 change detected
2026-06-17 01:53:19,534 | INFO | 1 change detected
2026-06-17 01:53:19,892 | INFO | 1 change detected
2026-06-17 01:53:20,253 | INFO | 1 change detected
2026-06-17 01:53:20,611 | INFO | 1 change detected
2026-06-17 01:53:20,969 | INFO | 1 change detected
2026-06-17 01:53:21,325 | INFO | 1 change detected
2026-06-17 01:53:21,684 | INFO | 1 change detected
2026-06-17 01:53:22,044 | INFO | 1 change detected
2026-06-17 01:53:22,401 | INFO | 1 change detected
2026-06-17 01:53:22,761 | INFO | 1 change detected
2026-06-17 01:53:23,119 | INFO | 1 change detected
2026-06-17 01:53:23,477 | INFO | 1 change detected
2026-06-17 01:53:23,838 | INFO | 1 change detected
2026-06-17 01:53:24,197 | INFO | 1 change detected
2026-06-17 01:53:24,554 | INFO | 1 change detected
2026-06-17 01:53:24,914 | INFO | 1 change detected
2026-06-17 01:53:25,273 | INFO | 1 change detected
2026-06-17 01:53:25,629 | INFO | 1 change detected
2026-06-17 01:53:25,991 | INFO | 1 change detected
2026-06-17 01:53:26,350 | INFO | 1 change detected
2026-06-17 01:53:26,710 | INFO | 1 change detected
2026-06-17 01:53:27,070 | INFO | 1 change detected
2026-06-17 01:53:27,430 | INFO | 1 change detected
2026-06-17 01:53:27,787 | INFO | 1 change detected
2026-06-17 01:53:28,143 | INFO | 1 change detected
2026-06-17 01:53:28,502 | INFO | 1 change detected
2026-06-17 01:53:28,859 | INFO | 1 change detected
2026-06-17 01:53:29,217 | INFO | 1 change detected
2026-06-17 01:53:29,575 | INFO | 1 change detected
2026-06-17 01:53:29,934 | INFO | 1 change detected
2026-06-17 01:53:30,291 | INFO | 1 change detected
2026-06-17 01:53:30,650 | INFO | 1 change detected
2026-06-17 01:53:31,006 | INFO | 1 change detected
2026-06-17 01:53:31,363 | INFO | 1 change detected
2026-06-17 01:53:31,720 | INFO | 1 change detected
2026-06-17 01:53:32,079 | INFO | 1 change detected
2026-06-17 01:53:32,439 | INFO | 1 change detected
2026-06-17 01:53:32,802 | INFO | 1 change detected
2026-06-17 01:53:33,159 | INFO | 1 change detected
2026-06-17 01:53:33,517 | INFO | 1 change detected
2026-06-17 01:53:33,876 | INFO | 1 change detected
2026-06-17 01:53:34,233 | INFO | 1 change detected
2026-06-17 01:53:34,590 | INFO | 1 change detected
2026-06-17 01:53:34,951 | INFO | 1 change detected
2026-06-17 01:53:35,311 | INFO | 1 change detected
2026-06-17 01:53:35,719 | INFO | 1 change detected
2026-06-17 01:53:36,075 | INFO | 1 change detected
2026-06-17 01:53:36,482 | INFO | 1 change detected
2026-06-17 01:53:36,887 | INFO | 1 change detected
2026-06-17 01:53:37,295 | INFO | 1 change detected
2026-06-17 01:53:37,702 | INFO | 1 change detected
2026-06-17 01:53:38,104 | INFO | 1 change detected
2026-06-17 01:53:38,507 | INFO | 1 change detected
2026-06-17 01:53:38,909 | INFO | 1 change detected
2026-06-17 01:53:39,311 | INFO | 1 change detected
2026-06-17 01:53:39,717 | INFO | 1 change detected
2026-06-17 01:53:40,120 | INFO | 1 change detected
2026-06-17 01:53:40,522 | INFO | 1 change detected
2026-06-17 01:53:40,924 | INFO | 1 change detected
2026-06-17 01:53:41,328 | INFO | 1 change detected
2026-06-17 01:53:41,735 | INFO | 1 change detected
2026-06-17 01:53:42,139 | INFO | 1 change detected
2026-06-17 01:53:42,543 | INFO | 3 changes detected
2026-06-17 01:53:43,832 | INFO | 1 change detected
2026-06-17 01:53:45,793 | INFO | Modelo cargado correctamente: modelo_churn_v1
2026-06-17 01:54:56,503 | INFO | 1 change detected
2026-06-17 01:54:57,308 | INFO | 1 change detected
2026-06-17 01:54:58,321 | INFO | 1 change detected
2026-06-17 01:54:59,136 | INFO | Modelo cargado correctamente: modelo_churn_v1
2026-06-17 01:54:59,893 | INFO | 1 change detected
2026-06-17 01:55:01,699 | INFO | Modelo cargado correctamente: modelo_churn_v1
2026-06-17 01:55:20,860 | INFO | Predicción | resultado=bajo_riesgo | probabilidad=0.0725 | alertas=0
2026-06-17 01:55:20,862 | INFO | Solicitud | metodo=POST | ruta=/predict | estado=200 | latencia_ms=4.115
2026-06-17 01:55:20,877 | INFO | Predicción | resultado=alto_riesgo | probabilidad=0.8848 | alertas=0
2026-06-17 01:55:20,878 | INFO | Solicitud | metodo=POST | ruta=/predict | estado=200 | latencia_ms=1.863
2026-06-17 01:55:20,892 | INFO | Predicción | resultado=alto_riesgo | probabilidad=0.9978 | alertas=0
2026-06-17 01:55:20,893 | INFO | Solicitud | metodo=POST | ruta=/predict | estado=200 | latencia_ms=1.690
2026-06-17 01:55:20,896 | WARNING | Valores fuera de rango histórico: ['antiguedad=180 fuera del rango histórico [1, 72]', 'cargo_mensual=600.0 fuera del rango histórico [20.0, 150.0]', 'reclamos=35 fuera del rango histórico [0, 7]']
2026-06-17 01:55:20,897 | INFO | Predicción | resultado=alto_riesgo | probabilidad=1.0000 | alertas=3
2026-06-17 01:55:20,897 | INFO | Solicitud | metodo=POST | ruta=/predict | estado=200 | latencia_ms=2.177
2026-06-17 01:55:20,923 | WARNING | Error de validación | ruta=/predict | detalle=[{'type': 'greater_than_equal', 'loc': ('body', 'cargo_mensual'), 'msg': 'Input should be greater than or equal to 0', 'input': -50.0, 'ctx': {'ge': 0.0}}]
2026-06-17 01:55:20,923 | INFO | Solicitud | metodo=POST | ruta=/predict | estado=422 | latencia_ms=0.976
2026-06-17 01:55:20,939 | INFO | Solicitud | metodo=GET | ruta=/metrics | estado=200 | latencia_ms=1.171
2026-06-17 02:26:17,905 | INFO | 1 change detected
2026-06-17 13:26:30,598 | INFO | Modelo cargado correctamente: modelo_churn_v1
2026-06-17 13:26:32,815 | INFO | Modelo cargado correctamente: modelo_churn_v1
2026-06-17 13:27:47,272 | INFO | Solicitud | metodo=GET | ruta=/docs | estado=200 | latencia_ms=0.787
2026-06-17 13:27:47,531 | INFO | Solicitud | metodo=GET | ruta=/openapi.json | estado=200 | latencia_ms=9.404
2026-06-17 13:29:22,077 | WARNING | Valores fuera de rango histórico: ['antiguedad=240 fuera del rango histórico [1, 72]', 'cargo_mensual=5000.0 fuera del rango histórico [20.0, 150.0]', 'reclamos=100 fuera del rango histórico [0, 7]']
2026-06-17 13:29:22,077 | INFO | Predicción | resultado=alto_riesgo | probabilidad=1.0000 | alertas=3
2026-06-17 13:29:22,079 | INFO | Solicitud | metodo=POST | ruta=/predict | estado=200 | latencia_ms=4.804
2026-06-17 13:29:37,146 | INFO | Solicitud | metodo=GET | ruta=/metrics | estado=200 | latencia_ms=1.051
2026-06-17 13:29:52,543 | INFO | Solicitud | metodo=GET | ruta=/alerts | estado=200 | latencia_ms=1.227
2026-06-17 13:35:31,046 | INFO | 1 change detected
2026-06-17 13:35:31,955 | INFO | 1 change detected
2026-06-17 13:35:32,317 | INFO | 5 changes detected
2026-06-17 13:35:33,846 | INFO | Modelo cargado correctamente: modelo_churn_v1
2026-06-17 13:44:09,476 | INFO | Solicitud | metodo=GET | ruta=/alerts | estado=200 | latencia_ms=3.263
2026-06-17 13:44:09,713 | INFO | Solicitud | metodo=GET | ruta=/favicon.ico | estado=404 | latencia_ms=0.317
2026-06-17 13:44:39,220 | INFO | Solicitud | metodo=GET | ruta=/metrics | estado=200 | latencia_ms=1.373
2026-06-17 13:44:42,917 | INFO | Solicitud | metodo=GET | ruta=/docs | estado=200 | latencia_ms=0.260
2026-06-17 13:44:43,168 | INFO | Solicitud | metodo=GET | ruta=/openapi.json | estado=200 | latencia_ms=7.957
2026-06-17 13:45:04,869 | INFO | Predicción | resultado=alto_riesgo | probabilidad=0.9355 | alertas=0
2026-06-17 13:45:04,870 | INFO | Solicitud | metodo=POST | ruta=/predict | estado=200 | latencia_ms=2.996
2026-06-17 13:45:24,416 | INFO | Solicitud | metodo=GET | ruta=/metrics | estado=200 | latencia_ms=0.801
2026-06-17 13:45:32,319 | INFO | Solicitud | metodo=GET | ruta=/alerts | estado=200 | latencia_ms=0.853
2026-06-17 13:45:40,753 | INFO | Solicitud | metodo=GET | ruta=/alerts | estado=200 | latencia_ms=0.862
2026-06-17 13:45:41,869 | INFO | Solicitud | metodo=GET | ruta=/alerts | estado=200 | latencia_ms=0.865
2026-06-17 13:50:42,314 | WARNING | Error de validación | ruta=/predict | detalle=[{'type': 'json_invalid', 'loc': ('body', 61), 'msg': 'JSON decode error', 'input': {}, 'ctx': {'error': 'Expecting value'}}]
2026-06-17 13:50:42,314 | INFO | Solicitud | metodo=POST | ruta=/predict | estado=422 | latencia_ms=0.907
